logic__28: 
logic__90: 
case: 
muxpart__5: 
logic__93: 
logic__4: 
datapath__7: 
logic__26: 
case__2: 
case__21: 
datapath__9: 
register_file: 
logic__30: 
case__23: 
logic__5: 
reg__24: 
logic__114: 
register_syn__parameterized0: 
logic__19: 
logic__6: 
forwarding_unit: 
reg__21: 
case__39: 
datapath__1: 
reg__14: 
datapath__4: 
hazard_detection_unit: 
case__19: 
counter: 
datapath: 
reg__36: 
case__37: 
reg__23: 
case__18: 
case__35: 
reg__9: 
case__42: 
case__13: 
logic: 
logic__1: 
reg__11: 
logic__2: 
datapath__5: 
cpu_pipeline: 
logic__72: 
case__34: 
reg__16: 
reg__12: 
case__8: 
reg__10: 
logic__36: 
logic__8: 
reg__34: 
logic__82: 
muxpart: 
muxpart__6: 
reg__25: 
logic__117: 
case__46: 
reg__26: 
logic__76: 
reg__2: 
control_unit: 
case__27: 
reg__7: 
logic__13: 
logic__25: 
logic__83: 
case__6: 
reg__29: 
case__47: 
logic__106: 
reg__33: 
logic__67: 
logic__17: 
case__22: 
alu_control: 
datapath__11: 
case__45: 
reg__3: 
case__25: 
reg__28: 
datapath__10: 
case__15: 
case__38: 
logic__63: 
case__49: 
reg__20: 
logic__77: 
datapath__2: 
register_syn__parameterized3: 
datapath__15: 
case__41: 
datapath__14: 
reg: 
logic__12: 
register_syn: 
case__48: 
reg__30: 
logic__31: 
logic__15: 
logic__10: 
case__14: 
case__36: 
logic__22: 
logic__52: 
datapath__16: 
case__10: 
muxpart__4: 
datapath__13: 
case__26: 
reg__32: 
logic__16: 
case__24: 
logic__24: 
case__4: 
reg__37: 
logic__103: 
reg__5: 
case__16: 
register_syn__parameterized1: 
reg__19: 
case__44: 
reg__18: 
reg__13: 
case__20: 
logic__81: 
logic__84: 
muxpart__2: 
muxpart__1: 
logic__71: 
logic__57: 
datapath__8: 
reg__17: 
reg__35: 
case__17: 
case__40: 
reg__4: 
case__33: 
logic__68: 
case__29: 
reg__15: 
logic__29: 
case__7: 
logic__23: 
datapath__6: 
logic__11: 
reg__6: 
datapath__12: 
logic__32: 
case__30: 
logic__33: 
datapath__3: 
case__3: 
logic__85: 
logic__87: 
case__1: 
logic__9: 
case__28: 
case__31: 
logic__21: 
logic__14: 
case__9: 
logic__53: 
case__32: 
logic__98: 
case__12: 
logic__3: 
reg__8: 
logic__107: 
ALU: 
case__5: 
logic__86: 
logic__27: 
logic__20: 
reg__1: 
reg__22: 
logic__7: 
datapath__17: 
register_syn__parameterized2: 
logic__62: 
logic__18: 
reg__27: 
case__43: 
logic__41: 
case__11: 
reg__31: 
